Testing Chatbot Fallback Logic...

Q: How to treat potato early blight?
A: Early Blight in Potato: Concentric rings on lower leaves. Treatment: Mancozeb (2g/L) or Chlorothalon...
