Implementation: Successfully connected to MongoDB!
--- Testing Pesticide Service with MongoDB ---

1. Searching for pesticides for: Tomato - Bacterial Spot
PASS: Found 3 pesticides.
 - Bordeaux Mixture (Organic: True, Cost: 180)
 - Copper Oxychloride (Organic: False, Cost: 450)
 - Streptomycin Sulfate (Organic: False, Cost: 1500)

2. Fetching details for: Bordeaux Mixture
PASS: Successfully fetched details.
{'cost_per_liter': 180,
 'dosage_per_acre': '4 kg copper sulfate + 4 kg lime in 200 liters water',
 'frequency': 'Spray every 10-15 days',
 'id': '699694f475005b4716261da9',
 'incompatible_with': 'Most other pesticides, use alone',
 'is_government_approved': True,
 'is_organic': True,
 'name': 'Bordeaux Mixture',
 'target_diseases': 'Late blight, Early blight, Bacterial spot, Leaf spot, '
                    'Black Rot, Downy Mildew',
 'type': 'organic fungicide',
 'warnings': 'Prepare fresh before use. Can cause phytotoxicity in some crops. '
             'Avoid during flowering.'}
